<html>
<body>
<pre>
<h1>µVision Build Log</h1>
<h2>Project:</h2>
C:\Users\Gautam Gupta\Desktop\mini\miniproj.uvproj
Project File Date:  11/24/2014

<h2>Output:</h2>
Rebuild target 'Target 1'
assembling startup_LPC17xx.s...
compiling CRIS_UTILS.c...
compiling GLCD.c...
compiling GLCD_LPC1700.c...
compiling Serial.c...
compiling system_LPC17xx.c...
compiling mini.c...
mini.c(58): warning:  #223-D: function "ufo_postn" declared implicitly
         x_cord0 = ufo_postn();    //drawing and upgrading the position of UFO
mini.c(63): warning:  #223-D: function "grenade_fire_1" declared implicitly
                                         grenade_fire_1(x_cord0,y_cord0);               //drawing first grenade
mini.c(94): warning:  #223-D: function "plot_UFO" declared implicitly
                plot_UFO(x_cord0,y_cord0);
mini.c(102): warning:  #223-D: function "draw_rectangle" declared implicitly
                        draw_rectangle((x_cord0),(y_cord0),(x_cord0+8),(y_cord0),4);
mini.c(132): warning:  #223-D: function "draw_rectangle" declared implicitly
                                draw_rectangle((x_cord0+52),(y_cord0),(x_cord0+60),(y_cord0),4);
mini.c(173): warning:  #223-D: function "plot_grenade" declared implicitly
                        plot_grenade(x1,y1);    
mini.c(179): warning:  #223-D: function "grenade_fire_2" declared implicitly
                        grenade_fire_2(x_cord0,y_cord0,x1,y1);  //draw 2 grenades
mini.c(204): warning:  #223-D: function "plot_grenade" declared implicitly
                        plot_grenade(x2,y2);    
mini.c(227): warning:  #223-D: function "grenade_fire_3" declared implicitly
                        grenade_fire_3(x_cord0,y_cord0,x1,y1,x2,y2);            //draws 3 grenade
mini.c(244): warning:  #223-D: function "plot_grenade" declared implicitly
                plot_grenade(x3,y3);
mini.c: 10 warnings, 0 errors
linking...
Program Size: Code=8538 RO-data=5614 RW-data=68 ZI-data=612  
".\miniproj.axf" - 0 Error(s), 10 Warning(s).
Load "C:\\Users\\Gautam Gupta\\Desktop\\mini\\miniproj.axf" 
Erase Done.
Programming Done.
Verify OK.
Load "C:\\Users\\Gautam Gupta\\Desktop\\mini\\miniproj.axf" 
Erase Done.
Programming Done.
Verify OK.
</pre>
</body>
</html>
C:\\Users\\Gautam Gupta\\Desktop\\mini\\miniproj.axf" 
Erase Done.
Programming Done.
Verify OK.
